13:55:54 mmap(NULL, 78919, PROT_READ, MAP_PRIVATE, 8, 0) = 0x7ff463072000
13:55:54 close(8)                       = 0
13:55:54 access("/etc/ld.so.nohwcap", F_OK) = -1 ENOENT (No such file or directory)
13:55:54 open("/lib/x86_64-linux-gnu/gnomeui-2", O_RDONLY|O_CLOEXEC) = -1 ENOENT (No such file or directory)
13:55:54 open("/usr/lib/x86_64-linux-gnu/gnomeui-2", O_RDONLY|O_CLOEXEC) = -1 ENOENT (No such file or directory)
13:55:54 open("/lib/gnomeui-2", O_RDONLY|O_CLOEXEC) = -1 ENOENT (No such file or directory)
13:55:54 open("/usr/lib/gnomeui-2", O_RDONLY|O_CLOEXEC) = -1 ENOENT (No such file or directory)
13:55:54 munmap(0x7ff463072000, 78919)  = 0
13:55:54 open("/etc/ld.so.cache", O_RDONLY|O_CLOEXEC) = 8
13:55:54 fstat(8, {st_dev=makedev(8, 1), st_ino=20055812, st_mode=S_IFREG|0644, st_nlink=1, st_uid=0, st_gid=0, st_blksize=4096, st_blocks=160, st_size=78919, st_atime=2012/09/07-11:49:32, st_mtime=2012/08/14-15:02:41, st_ctime=2012/08/14-15:02:41}) = 0
13:55:54 mmap(NULL, 78919, PROT_READ, MAP_PRIVATE, 8, 0) = 0x7ff463072000
13:55:54 close(8)                       = 0
13:55:54 access("/etc/ld.so.nohwcap", F_OK) = -1 ENOENT (No such file or directory)
13:55:54 open("/lib/x86_64-linux-gnu/gnomeui-2.so.0", O_RDONLY|O_CLOEXEC) = -1 ENOENT (No such file or directory)
13:55:54 open("/usr/lib/x86_64-linux-gnu/gnomeui-2.so.0", O_RDONLY|O_CLOEXEC) = -1 ENOENT (No such file or directory)
13:55:54 open("/lib/gnomeui-2.so.0", O_RDONLY|O_CLOEXEC) = -1 ENOENT (No such file or directory)
13:55:54 open("/usr/lib/gnomeui-2.so.0", O_RDONLY|O_CLOEXEC) = -1 ENOENT (No such file or directory)
13:55:54 munmap(0x7ff463072000, 78919)  = 0
13:55:54 open("/etc/ld.so.cache", O_RDONLY|O_CLOEXEC) = 8
13:55:54 fstat(8, {st_dev=makedev(8, 1), st_ino=20055812, st_mode=S_IFREG|0644, st_nlink=1, st_uid=0, st_gid=0, st_blksize=4096, st_blocks=160, st_size=78919, st_atime=2012/09/07-11:49:32, st_mtime=2012/08/14-15:02:41, st_ctime=2012/08/14-15:02:41}) = 0
13:55:54 mmap(NULL, 78919, PROT_READ, MAP_PRIVATE, 8, 0) = 0x7ff463072000
13:55:54 close(8)                       = 0
13:55:54 access("/etc/ld.so.nohwcap", F_OK) = -1 ENOENT (No such file or directory)
13:55:54 open("/lib/x86_64-linux-gnu/libgnomeui-2", O_RDONLY|O_CLOEXEC) = -1 ENOENT (No such file or directory)
13:55:54 open("/usr/lib/x86_64-linux-gnu/libgnomeui-2", O_RDONLY|O_CLOEXEC) = -1 ENOENT (No such file or directory)
13:55:54 open("/lib/libgnomeui-2", O_RDONLY|O_CLOEXEC) = -1 ENOENT (No such file or directory)
13:55:54 open("/usr/lib/libgnomeui-2", O_RDONLY|O_CLOEXEC) = -1 ENOENT (No such file or directory)
13:55:54 munmap(0x7ff463072000, 78919)  = 0
13:55:54 open("/etc/ld.so.cache", O_RDONLY|O_CLOEXEC) = 8
13:55:54 fstat(8, {st_dev=makedev(8, 1), st_ino=20055812, st_mode=S_IFREG|0644, st_nlink=1, st_uid=0, st_gid=0, st_blksize=4096, st_blocks=160, st_size=78919, st_atime=2012/09/07-11:49:32, st_mtime=2012/08/14-15:02:41, st_ctime=2012/08/14-15:02:41}) = 0
13:55:54 mmap(NULL, 78919, PROT_READ, MAP_PRIVATE, 8, 0) = 0x7ff463072000
13:55:54 close(8)                       = 0
13:55:54 access("/etc/ld.so.nohwcap", F_OK) = -1 ENOENT (No such file or directory)
13:55:54 open("/lib/x86_64-linux-gnu/libgnomeui-2.so.0", O_RDONLY|O_CLOEXEC) = -1 ENOENT (No such file or directory)
13:55:54 open("/usr/lib/x86_64-linux-gnu/libgnomeui-2.so.0", O_RDONLY|O_CLOEXEC) = -1 ENOENT (No such file or directory)
13:55:54 open("/lib/libgnomeui-2.so.0", O_RDONLY|O_CLOEXEC) = -1 ENOENT (No such file or directory)
13:55:54 open("/usr/lib/libgnomeui-2.so.0", O_RDONLY|O_CLOEXEC) = -1 ENOENT (No such file or directory)
13:55:54 munmap(0x7ff463072000, 78919)  = 0
13:55:54 open("/etc/ld.so.cache", O_RDONLY|O_CLOEXEC) = 8
13:55:54 fstat(8, {st_dev=makedev(8, 1), st_ino=20055812, st_mode=S_IFREG|0644, st_nlink=1, st_uid=0, st_gid=0, st_blksize=4096, st_blocks=160, st_size=78919, st_atime=2012/09/07-11:49:32, st_mtime=2012/08/14-15:02:41, st_ctime=2012/08/14-15:02:41}) = 0
13:55:54 mmap(NULL, 78919, PROT_READ, MAP_PRIVATE, 8, 0) = 0x7ff463072000
13:55:54 close(8)                       = 0
13:55:54 access("/etc/ld.so.nohwcap", F_OK) = -1 ENOENT (No such file or directory)
13:55:54 open("/lib/x86_64-linux-gnu/gnomevfs-2", O_RDONLY|O_CLOEXEC) = -1 ENOENT (No such file or directory)
13:55:54 open("/usr/lib/x86_64-linux-gnu/gnomevfs-2", O_RDONLY|O_CLOEXEC) = -1 ENOENT (No such file or directory)
13:55:54 open("/lib/gnomevfs-2", O_RDONLY|O_CLOEXEC) = -1 ENOENT (No such file or directory)
13:55:54 open("/usr/lib/gnomevfs-2", O_RDONLY|O_CLOEXEC) = -1 ENOENT (No such file or directory)
13:55:54 munmap(0x7ff463072000, 78919)  = 0
13:55:54 open("/etc/ld.so.cache", O_RDONLY|O_CLOEXEC) = 8
13:55:54 fstat(8, {st_dev=makedev(8, 1), st_ino=20055812, st_mode=S_IFREG|0644, st_nlink=1, st_uid=0, st_gid=0, st_blksize=4096, st_blocks=160, st_size=78919, st_atime=2012/09/07-11:49:32, st_mtime=2012/08/14-15:02:41, st_ctime=2012/08/14-15:02:41}) = 0
13:55:54 mmap(NULL, 78919, PROT_READ, MAP_PRIVATE, 8, 0) = 0x7ff463072000
13:55:54 close(8)                       = 0
13:55:54 access("/etc/ld.so.nohwcap", F_OK) = -1 ENOENT (No such file or directory)
13:55:54 open("/lib/x86_64-linux-gnu/gnomevfs-2.so.0", O_RDONLY|O_CLOEXEC) = -1 ENOENT (No such file or directory)
13:55:54 open("/usr/lib/x86_64-linux-gnu/gnomevfs-2.so.0", O_RDONLY|O_CLOEXEC) = -1 ENOENT (No such file or directory)
13:55:54 open("/lib/gnomevfs-2.so.0", O_RDONLY|O_CLOEXEC) = -1 ENOENT (No such file or directory)
13:55:54 open("/usr/lib/gnomevfs-2.so.0", O_RDONLY|O_CLOEXEC) = -1 ENOENT (No such file or directory)
13:55:54 munmap(0x7ff463072000, 78919)  = 0
13:55:54 open("/etc/ld.so.cache", O_RDONLY|O_CLOEXEC) = 8
13:55:54 fstat(8, {st_dev=makedev(8, 1), st_ino=20055812, st_mode=S_IFREG|0644, st_nlink=1, st_uid=0, st_gid=0, st_blksize=4096, st_blocks=160, st_size=78919, st_atime=2012/09/07-11:49:32, st_mtime=2012/08/14-15:02:41, st_ctime=2012/08/14-15:02:41}) = 0
13:55:54 mmap(NULL, 78919, PROT_READ, MAP_PRIVATE, 8, 0) = 0x7ff463072000
13:55:54 close(8)                       = 0
13:55:54 access("/etc/ld.so.nohwcap", F_OK) = -1 ENOENT (No such file or directory)
13:55:54 open("/lib/x86_64-linux-gnu/libgnomevfs-2", O_RDONLY|O_CLOEXEC) = -1 ENOENT (No such file or directory)
13:55:54 open("/usr/lib/x86_64-linux-gnu/libgnomevfs-2", O_RDONLY|O_CLOEXEC) = -1 ENOENT (No such file or directory)
13:55:54 open("/lib/libgnomevfs-2", O_RDONLY|O_CLOEXEC) = -1 ENOENT (No such file or directory)
13:55:54 open("/usr/lib/libgnomevfs-2", O_RDONLY|O_CLOEXEC) = -1 ENOENT (No such file or directory)
13:55:54 munmap(0x7ff463072000, 78919)  = 0
13:55:54 open("/etc/ld.so.cache", O_RDONLY|O_CLOEXEC) = 8
13:55:55 fstat(8, {st_dev=makedev(8, 1), st_ino=20055812, st_mode=S_IFREG|0644, st_nlink=1, st_uid=0, st_gid=0, st_blksize=4096, st_blocks=160, st_size=78919, st_atime=2012/09/07-11:49:32, st_mtime=2012/08/14-15:02:41, st_ctime=2012/08/14-15:02:41}) = 0
13:55:55 mmap(NULL, 78919, PROT_READ, MAP_PRIVATE, 8, 0) = 0x7ff463072000
13:55:55 close(8)                       = 0
13:55:55 access("/etc/ld.so.nohwcap", F_OK) = -1 ENOENT (No such file or directory)
13:55:55 open("/lib/x86_64-linux-gnu/libgnomevfs-2.so.0", O_RDONLY|O_CLOEXEC) = -1 ENOENT (No such file or directory)
13:55:55 open("/usr/lib/x86_64-linux-gnu/libgnomevfs-2.so.0", O_RDONLY|O_CLOEXEC) = -1 ENOENT (No such file or directory)
13:55:55 open("/lib/libgnomevfs-2.so.0", O_RDONLY|O_CLOEXEC) = -1 ENOENT (No such file or directory)
13:55:55 open("/usr/lib/libgnomevfs-2.so.0", O_RDONLY|O_CLOEXEC) = -1 ENOENT (No such file or directory)
13:55:55 munmap(0x7ff463072000, 78919)  = 0
13:55:55 getuid()                       = 0
13:55:55 getgid()                       = 0
13:55:55 geteuid()                      = 0
13:55:55 getegid()                      = 0
13:55:55 sendmsg(7, {msg_name(0)=NULL, msg_iov(2)=[{"l\1\0\1<\0\0\0\n\0\0\0\211\0\0\0\1\1o\0\33\0\0\0/org/gno"..., 160}, {"\"\0\0\0/desktop/gnome/interface/gtk"..., 60}], msg_controllen=0, msg_flags=0}, MSG_NOSIGNAL) = 220
13:55:55 poll([{fd=7, events=POLLIN}], 1, 25000) = 1 ([{fd=7, revents=POLLIN}])
13:55:55 recvmsg(7, {msg_name(0)=NULL, msg_iov(1)=[{"l\2\1\1x\0\0\0P\2\0\0=\0\0\0\6\1s\0\6\0\0\0:1.182\0\0"..., 2048}], msg_controllen=0, msg_flags=MSG_CMSG_CLOEXEC}, MSG_CMSG_CLOEXEC) = 200
13:55:55 write(3, "\1\0\0\0\0\0\0\0", 8) = 8
13:55:55 recvmsg(7, 0x7fff08c09bd0, MSG_CMSG_CLOEXEC) = -1 EAGAIN (Resource temporarily unavailable)
13:55:55 getresuid([0], [0], [0])       = 0
13:55:55 getresgid([0], [0], [0])       = 0
13:55:55 open("/usr/share/locale/ko/LC_MESSAGES/messages.mo", O_RDONLY) = -1 ENOENT (No such file or directory)
13:55:55 open("/usr/share/locale-langpack/ko/LC_MESSAGES/messages.mo", O_RDONLY) = -1 ENOENT (No such file or directory)
13:55:55 open("/usr/share/locale/en/LC_MESSAGES/messages.mo", O_RDONLY) = -1 ENOENT (No such file or directory)
13:55:55 open("/usr/share/locale-langpack/en/LC_MESSAGES/messages.mo", O_RDONLY) = -1 ENOENT (No such file or directory)
13:55:55 open("/usr/share/locale/ko/LC_MESSAGES/gtk20.mo", O_RDONLY) = -1 ENOENT (No such file or directory)
13:55:55 open("/usr/share/locale-langpack/ko/LC_MESSAGES/gtk20.mo", O_RDONLY) = 8
13:55:55 fstat(8, {st_dev=makedev(8, 1), st_ino=10487549, st_mode=S_IFREG|0644, st_nlink=1, st_uid=0, st_gid=0, st_blksize=4096, st_blocks=120, st_size=59804, st_atime=2012/09/04-20:03:04, st_mtime=2012/04/18-19:09:56, st_ctime=2012/08/13-19:07:53}) = 0
13:55:55 mmap(NULL, 59804, PROT_READ, MAP_PRIVATE, 8, 0) = 0x7ff463077000
13:55:55 close(8)                       = 0
13:55:55 open("/usr/lib/x86_64-linux-gnu/charset.alias", O_RDONLY) = -1 ENOENT (No such file or directory)
13:55:55 open("/proc/self/cmdline", O_RDONLY) = 8
13:55:55 fstat(8, {st_dev=makedev(0, 3), st_ino=703353, st_mode=S_IFREG|0444, st_nlink=1, st_uid=0, st_gid=0, st_blksize=1024, st_blocks=0, st_size=0, st_atime=2012/09/07-13:55:54, st_mtime=2012/09/07-13:55:54, st_ctime=2012/09/07-13:55:54}) = 0
13:55:55 fcntl(8, F_GETFL)              = 0x8000 (flags O_RDONLY|O_LARGEFILE)
13:55:55 fstat(8, {st_dev=makedev(0, 3), st_ino=703353, st_mode=S_IFREG|0444, st_nlink=1, st_uid=0, st_gid=0, st_blksize=1024, st_blocks=0, st_size=0, st_atime=2012/09/07-13:55:54, st_mtime=2012/09/07-13:55:54, st_ctime=2012/09/07-13:55:54}) = 0
13:55:55 mmap(NULL, 4096, PROT_READ|PROT_WRITE, MAP_PRIVATE|MAP_ANONYMOUS, -1, 0) = 0x7ff46312e000
13:55:55 lseek(8, 0, SEEK_CUR)          = 0
13:55:55 read(8, "./browser\0sswlab.kw.ac.kr\0", 4096) = 26
13:55:55 read(8, "", 3072)              = 0
13:55:55 close(8)                       = 0
13:55:55 munmap(0x7ff46312e000, 4096)   = 0
13:55:55 brk(0x1264000)                 = 0x1264000
13:55:55 rt_sigaction(SIGPIPE, {SIG_IGN, [PIPE], SA_RESTORER|SA_RESTART, 0x7ff45f0db4c0}, {SIG_DFL, [], 0}, 8) = 0
13:55:55 access("/etc/gtk-2.0/gtkrc.64", F_OK) = -1 ENOENT (No such file or directory)
13:55:55 socket(PF_FILE, SOCK_STREAM|SOCK_CLOEXEC|SOCK_NONBLOCK, 0) = 8
13:55:55 connect(8, {sa_family=AF_FILE, path="/var/run/nscd/socket"}, 110) = -1 ENOENT (No such file or directory)
13:55:55 close(8)                       = 0
13:55:55 socket(PF_FILE, SOCK_STREAM|SOCK_CLOEXEC|SOCK_NONBLOCK, 0) = 8
13:55:55 connect(8, {sa_family=AF_FILE, path="/var/run/nscd/socket"}, 110) = -1 ENOENT (No such file or directory)
13:55:55 close(8)                       = 0
13:55:55 open("/etc/nsswitch.conf", O_RDONLY|O_CLOEXEC) = 8
13:55:55 fstat(8, {st_dev=makedev(8, 1), st_ino=20054204, st_mode=S_IFREG|0644, st_nlink=1, st_uid=0, st_gid=0, st_blksize=4096, st_blocks=8, st_size=513, st_atime=2012/09/07-07:35:01, st_mtime=2012/04/26-01:07:43, st_ctime=2012/08/14-03:44:37}) = 0
13:55:55 mmap(NULL, 4096, PROT_READ|PROT_WRITE, MAP_PRIVATE|MAP_ANONYMOUS, -1, 0) = 0x7ff46312e000
13:55:55 read(8, "# /etc/nsswitch.conf\n#\n# Example"..., 4096) = 513
13:55:55 read(8, "", 4096)              = 0
13:55:55 close(8)                       = 0
13:55:55 munmap(0x7ff46312e000, 4096)   = 0
13:55:55 open("/etc/ld.so.cache", O_RDONLY|O_CLOEXEC) = 8
13:55:55 fstat(8, {st_dev=makedev(8, 1), st_ino=20055812, st_mode=S_IFREG|0644, st_nlink=1, st_uid=0, st_gid=0, st_blksize=4096, st_blocks=160, st_size=78919, st_atime=2012/09/07-11:49:32, st_mtime=2012/08/14-15:02:41, st_ctime=2012/08/14-15:02:41}) = 0
13:55:55 mmap(NULL, 78919, PROT_READ, MAP_PRIVATE, 8, 0) = 0x7ff463063000
13:55:55 close(8)                       = 0
13:55:55 access("/etc/ld.so.nohwcap", F_OK) = -1 ENOENT (No such file or directory)
13:55:55 open("/lib/x86_64-linux-gnu/libnss_compat.so.2", O_RDONLY|O_CLOEXEC) = 8
13:55:55 read(8, "\177ELF\2\1\1\0\0\0\0\0\0\0\0\0\3\0>\0\1\0\0\0`\22\0\0\0\0\0\0"..., 832) = 832
13:55:55 fstat(8, {st_dev=makedev(8, 1), st_ino=2493978, st_mode=S_IFREG|0644, st_nlink=1, st_uid=0, st_gid=0, st_blksize=4096, st_blocks=72, st_size=35680, st_atime=2012/09/07-07:35:01, st_mtime=2012/04/20-09:10:03, st_ctime=2012/08/14-03:45:09}) = 0
13:55:55 mmap(NULL, 2131240, PROT_READ|PROT_EXEC, MAP_PRIVATE|MAP_DENYWRITE, 8, 0) = 0x7ff454573000
13:55:55 mprotect(0x7ff45457b000, 2093056, PROT_NONE) = 0
13:55:55 mmap(0x7ff45477a000, 8192, PROT_READ|PROT_WRITE, MAP_PRIVATE|MAP_FIXED|MAP_DENYWRITE, 8, 0x7000) = 0x7ff45477a000
13:55:55 close(8)                       = 0
13:55:55 access("/etc/ld.so.nohwcap", F_OK) = -1 ENOENT (No such file or directory)
13:55:55 open("/lib/x86_64-linux-gnu/libnsl.so.1", O_RDONLY|O_CLOEXEC) = 8
13:55:55 read(8, "\177ELF\2\1\1\0\0\0\0\0\0\0\0\0\3\0>\0\1\0\0\0`@\0\0\0\0\0\0"..., 832) = 832
13:55:55 fstat(8, {st_dev=makedev(8, 1), st_ino=2493976, st_mode=S_IFREG|0644, st_nlink=1, st_uid=0, st_gid=0, st_blksize=4096, st_blocks=192, st_size=97248, st_atime=2012/09/07-07:35:01, st_mtime=2012/04/20-09:10:03, st_ctime=2012/08/14-03:45:09}) = 0
13:55:55 mmap(NULL, 2202328, PROT_READ|PROT_EXEC, MAP_PRIVATE|MAP_DENYWRITE, 8, 0) = 0x7ff454359000
13:55:55 mprotect(0x7ff454370000, 2093056, PROT_NONE) = 0
13:55:55 mmap(0x7ff45456f000, 8192, PROT_READ|PROT_WRITE, MAP_PRIVATE|MAP_FIXED|MAP_DENYWRITE, 8, 0x16000) = 0x7ff45456f000
13:55:55 mmap(0x7ff454571000, 6872, PROT_READ|PROT_WRITE, MAP_PRIVATE|MAP_FIXED|MAP_ANONYMOUS, -1, 0) = 0x7ff454571000
13:55:55 close(8)                       = 0
13:55:55 mprotect(0x7ff45456f000, 4096, PROT_READ) = 0
13:55:55 mprotect(0x7ff45477a000, 4096, PROT_READ) = 0
13:55:55 munmap(0x7ff463063000, 78919)  = 0
13:55:55 open("/etc/ld.so.cache", O_RDONLY|O_CLOEXEC) = 8
13:55:55 fstat(8, {st_dev=makedev(8, 1), st_ino=20055812, st_mode=S_IFREG|0644, st_nlink=1, st_uid=0, st_gid=0, st_blksize=4096, st_blocks=160, st_size=78919, st_atime=2012/09/07-11:49:32, st_mtime=2012/08/14-15:02:41, st_ctime=2012/08/14-15:02:41}) = 0
13:55:55 mmap(NULL, 78919, PROT_READ, MAP_PRIVATE, 8, 0) = 0x7ff463063000
13:55:55 close(8)                       = 0
13:55:55 access("/etc/ld.so.nohwcap", F_OK) = -1 ENOENT (No such file or directory)
13:55:55 open("/lib/x86_64-linux-gnu/libnss_nis.so.2", O_RDONLY|O_CLOEXEC) = 8
13:55:55 read(8, "\177ELF\2\1\1\0\0\0\0\0\0\0\0\0\3\0>\0\1\0\0\0\260 \0\0\0\0\0\0"..., 832) = 832
13:55:55 fstat(8, {st_dev=makedev(8, 1), st_ino=2493986, st_mode=S_IFREG|0644, st_nlink=1, st_uid=0, st_gid=0, st_blksize=4096, st_blocks=96, st_size=47680, st_atime=2012/09/07-07:35:01, st_mtime=2012/04/20-09:10:03, st_ctime=2012/08/14-03:45:09}) = 0
13:55:55 mmap(NULL, 2143552, PROT_READ|PROT_EXEC, MAP_PRIVATE|MAP_DENYWRITE, 8, 0) = 0x7ff45414d000
13:55:55 mprotect(0x7ff454157000, 2097152, PROT_NONE) = 0
13:55:55 mmap(0x7ff454357000, 8192, PROT_READ|PROT_WRITE, MAP_PRIVATE|MAP_FIXED|MAP_DENYWRITE, 8, 0xa000) = 0x7ff454357000
13:55:55 close(8)                       = 0
13:55:55 access("/etc/ld.so.nohwcap", F_OK) = -1 ENOENT (No such file or directory)
13:55:55 open("/lib/x86_64-linux-gnu/libnss_files.so.2", O_RDONLY|O_CLOEXEC) = 8
13:55:55 read(8, "\177ELF\2\1\1\0\0\0\0\0\0\0\0\0\3\0>\0\1\0\0\0@!\0\0\0\0\0\0"..., 832) = 832
13:55:55 fstat(8, {st_dev=makedev(8, 1), st_ino=2493982, st_mode=S_IFREG|0644, st_nlink=1, st_uid=0, st_gid=0, st_blksize=4096, st_blocks=104, st_size=52120, st_atime=2012/09/07-07:35:01, st_mtime=2012/04/20-09:10:03, st_ctime=2012/08/14-03:45:09}) = 0
13:55:55 mmap(NULL, 2148472, PROT_READ|PROT_EXEC, MAP_PRIVATE|MAP_DENYWRITE, 8, 0) = 0x7ff453f40000
13:55:55 mprotect(0x7ff453f4c000, 2093056, PROT_NONE) = 0
13:55:55 mmap(0x7ff45414b000, 8192, PROT_READ|PROT_WRITE, MAP_PRIVATE|MAP_FIXED|MAP_DENYWRITE, 8, 0xb000) = 0x7ff45414b000
13:55:55 close(8)                       = 0
13:55:55 mprotect(0x7ff45414b000, 4096, PROT_READ) = 0
13:55:55 mprotect(0x7ff454357000, 4096, PROT_READ) = 0
13:55:55 munmap(0x7ff463063000, 78919)  = 0
13:55:55 open("/etc/passwd", O_RDONLY|O_CLOEXEC) = 8
13:55:55 lseek(8, 0, SEEK_CUR)          = 0
13:55:55 fstat(8, {st_dev=makedev(8, 1), st_ino=20056613, st_mode=S_IFREG|0644, st_nlink=1, st_uid=0, st_gid=0, st_blksize=4096, st_blocks=8, st_size=1677, st_atime=2012/09/07-11:57:34, st_mtime=2012/08/14-03:48:11, st_ctime=2012/08/14-03:48:11}) = 0
13:55:55 mmap(NULL, 1677, PROT_READ, MAP_SHARED, 8, 0) = 0x7ff46312e000
13:55:55 lseek(8, 1677, SEEK_SET)       = 1677
13:55:55 munmap(0x7ff46312e000, 1677)   = 0
13:55:55 close(8)                       = 0
13:55:55 getuid()                       = 0
13:55:55 uname({sysname="Linux", nodename="sslab", release="3.2.0-23-generic", version="#36-Ubuntu SMP Tue Apr 10 20:39:51 UTC 2012", machine="x86_64"}) = 0
13:55:55 access("/root/.gtkrc-2.0.64", F_OK) = -1 ENOENT (No such file or directory)
13:55:55 stat("/usr/lib/liboverlay-scrollbar-0.2.so.0", {st_dev=makedev(8, 1), st_ino=10226686, st_mode=S_IFREG|0644, st_nlink=1, st_uid=0, st_gid=0, st_blksize=4096, st_blocks=136, st_size=68968, st_atime=2012/09/04-20:03:04, st_mtime=2012/03/22-00:59:32, st_ctime=2012/08/14-03:45:32}) = 0
13:55:55 open("/usr/lib/liboverlay-scrollbar-0.2.so.0", O_RDONLY|O_CLOEXEC) = 8
13:55:55 read(8, "\177ELF\2\1\1\0\0\0\0\0\0\0\0\0\3\0>\0\1\0\0\0\20D\0\0\0\0\0\0"..., 832) = 832
13:55:55 fstat(8, {st_dev=makedev(8, 1), st_ino=10226686, st_mode=S_IFREG|0644, st_nlink=1, st_uid=0, st_gid=0, st_blksize=4096, st_blocks=136, st_size=68968, st_atime=2012/09/07-13:55:55, st_mtime=2012/03/22-00:59:32, st_ctime=2012/08/14-03:45:32}) = 0
13:55:55 mmap(NULL, 2164240, PROT_READ|PROT_EXEC, MAP_PRIVATE|MAP_DENYWRITE, 8, 0) = 0x7ff453d2f000
13:55:55 mprotect(0x7ff453d3f000, 2093056, PROT_NONE) = 0
13:55:55 mmap(0x7ff453f3e000, 8192, PROT_READ|PROT_WRITE, MAP_PRIVATE|MAP_FIXED|MAP_DENYWRITE, 8, 0xf000) = 0x7ff453f3e000
13:55:55 close(8)                       = 0
13:55:55 mprotect(0x7ff453f3e000, 4096, PROT_READ) = 0
13:55:55 open("/usr/share/locale/ko/LC_MESSAGES/glib20.mo", O_RDONLY) = -1 ENOENT (No such file or directory)
13:55:55 open("/usr/share/locale-langpack/ko/LC_MESSAGES/glib20.mo", O_RDONLY) = 8
13:55:55 fstat(8, {st_dev=makedev(8, 1), st_ino=10487465, st_mode=S_IFREG|0644, st_nlink=1, st_uid=0, st_gid=0, st_blksize=4096, st_blocks=192, st_size=98032, st_atime=2012/09/07-13:13:32, st_mtime=2012/04/18-19:09:57, st_ctime=2012/08/13-19:07:53}) = 0
13:55:55 mmap(NULL, 98032, PROT_READ, MAP_PRIVATE, 8, 0) = 0x7ff46305f000
13:55:55 close(8)                       = 0
13:55:55 open("/usr/share/locale/en/LC_MESSAGES/glib20.mo", O_RDONLY) = -1 ENOENT (No such file or directory)
13:55:55 open("/usr/share/locale-langpack/en/LC_MESSAGES/glib20.mo", O_RDONLY) = -1 ENOENT (No such file or directory)
13:55:55 open("/usr/share/glib-2.0/schemas/gschemas.compiled", O_RDONLY) = 8
13:55:55 fstat(8, {st_dev=makedev(8, 1), st_ino=11141384, st_mode=S_IFREG|0644, st_nlink=1, st_uid=0, st_gid=0, st_blksize=4096, st_blocks=288, st_size=145983, st_atime=2012/09/07-13:13:32, st_mtime=2012/08/14-08:39:35, st_ctime=2012/08/14-08:39:35}) = 0
13:55:55 mmap(NULL, 145983, PROT_READ, MAP_PRIVATE, 8, 0) = 0x7ff46303b000
13:55:55 close(8)                       = 0
13:55:55 open("/usr/local/share/glib-2.0/schemas/gschemas.compiled", O_RDONLY) = -1 ENOENT (No such file or directory)
13:55:55 open("/usr/share/gnome/glib-2.0/schemas/gschemas.compiled", O_RDONLY) = -1 ENOENT (No such file or directory)
13:55:55 open("/usr/share/ubuntu/glib-2.0/schemas/gschemas.compiled", O_RDONLY) = -1 ENOENT (No such file or directory)
13:55:55 openat(AT_FDCWD, "/usr/lib/x86_64-linux-gnu/gio/modules", O_RDONLY|O_NONBLOCK|O_DIRECTORY|O_CLOEXEC) = 8
13:55:55 stat("/usr/lib/x86_64-linux-gnu/gio/modules/giomodule.cache", {st_dev=makedev(8, 1), st_ino=10487041, st_mode=S_IFREG|0644, st_nlink=1, st_uid=0, st_gid=0, st_blksize=4096, st_blocks=8, st_size=270, st_atime=2012/09/07-13:13:32, st_mtime=2012/08/13-19:24:44, st_ctime=2012/08/13-19:24:44}) = 0
13:55:55 open("/usr/lib/x86_64-linux-gnu/gio/modules/giomodule.cache", O_RDONLY) = 9
13:55:55 fstat(9, {st_dev=makedev(8, 1), st_ino=10487041, st_mode=S_IFREG|0644, st_nlink=1, st_uid=0, st_gid=0, st_blksize=4096, st_blocks=8, st_size=270, st_atime=2012/09/07-13:13:32, st_mtime=2012/08/13-19:24:44, st_ctime=2012/08/13-19:24:44}) = 0
13:55:55 read(9, "libdconfsettings.so: gsettings-b"..., 270) = 270
13:55:55 close(9)                       = 0
13:55:55 getdents(8, {{d_ino=10488027, d_off=412902467, d_reclen=40, d_name="libdconfsettings.so"} {d_ino=10489017, d_off=514964684, d_reclen=40, d_name="libgiognomeproxy.so"} {d_ino=10489016, d_off=712752477, d_reclen=40, d_name="libgiolibproxy.so"} {d_ino=10488025, d_off=1099211422, d_reclen=24, d_name="."} {d_ino=10488032, d_off=1270171379, d_reclen=40, d_name="libgvfsdbus.so"} {d_ino=10489015, d_off=1271564259, d_reclen=40, d_name="libgiognutls.so"} {d_ino=10488031, d_off=1724552673, d_reclen=56, d_name="libgioremote-volume-monitor.so"} {d_ino=10487041, d_off=1975004542, d_reclen=40, d_name="giomodule.cache"} {d_ino=10487658, d_off=2147483647, d_reclen=24, d_name=".."}}, 32768) = 344
13:55:55 stat("/usr/lib/x86_64-linux-gnu/gio/modules/libdconfsettings.so", {st_dev=makedev(8, 1), st_ino=10488027, st_mode=S_IFREG|0644, st_nlink=1, st_uid=0, st_gid=0, st_blksize=4096, st_blocks=64, st_size=31480, st_atime=2012/09/07-13:13:32, st_mtime=2012/03/27-19:52:42, st_ctime=2012/08/14-03:46:33}) = 0
13:55:55 stat("/usr/lib/x86_64-linux-gnu/gio/modules/libdconfsettings.so", {st_dev=makedev(8, 1), st_ino=10488027, st_mode=S_IFREG|0644, st_nlink=1, st_uid=0, st_gid=0, st_blksize=4096, st_blocks=64, st_size=31480, st_atime=2012/09/07-13:13:32, st_mtime=2012/03/27-19:52:42, st_ctime=2012/08/14-03:46:33}) = 0
13:55:55 open("/usr/lib/x86_64-linux-gnu/gio/modules/libdconfsettings.so", O_RDONLY|O_CLOEXEC) = 9
13:55:55 read(9, "\177ELF\2\1\1\0\0\0\0\0\0\0\0\0\3\0>\0\1\0\0\0p)\0\0\0\0\0\0"..., 832) = 832
13:55:55 fstat(9, {st_dev=makedev(8, 1), st_ino=10488027, st_mode=S_IFREG|0644, st_nlink=1, st_uid=0, st_gid=0, st_blksize=4096, st_blocks=64, st_size=31480, st_atime=2012/09/07-13:13:32, st_mtime=2012/03/27-19:52:42, st_ctime=2012/08/14-03:46:33}) = 0
13:55:55 mmap(NULL, 2126784, PROT_READ|PROT_EXEC, MAP_PRIVATE|MAP_DENYWRITE, 9, 0) = 0x7ff453b27000
13:55:55 mprotect(0x7ff453b2e000, 2093056, PROT_NONE) = 0
13:55:55 mmap(0x7ff453d2d000, 8192, PROT_READ|PROT_WRITE, MAP_PRIVATE|MAP_FIXED|MAP_DENYWRITE, 9, 0x6000) = 0x7ff453d2d000
13:55:55 close(9)                       = 0
13:55:55 mprotect(0x7ff453d2d000, 4096, PROT_READ) = 0
13:55:55 stat("/usr/lib/x86_64-linux-gnu/gio/modules/libgiognomeproxy.so", {st_dev=makedev(8, 1), st_ino=10489017, st_mode=S_IFREG|0644, st_nlink=1, st_uid=0, st_gid=0, st_blksize=4096, st_blocks=40, st_size=18880, st_atime=2012/09/03-11:45:55, st_mtime=2012/04/24-18:42:43, st_ctime=2012/08/13-19:18:17}) = 0
13:55:55 stat("/usr/lib/x86_64-linux-gnu/gio/modules/libgiolibproxy.so", {st_dev=makedev(8, 1), st_ino=10489016, st_mode=S_IFREG|0644, st_nlink=1, st_uid=0, st_gid=0, st_blksize=4096, st_blocks=32, st_size=14472, st_atime=2012/09/03-11:45:55, st_mtime=2012/04/24-18:42:43, st_ctime=2012/08/13-19:18:17}) = 0
13:55:55 stat("/usr/lib/x86_64-linux-gnu/gio/modules/libgvfsdbus.so", {st_dev=makedev(8, 1), st_ino=10488032, st_mode=S_IFREG|0644, st_nlink=1, st_uid=0, st_gid=0, st_blksize=4096, st_blocks=336, st_size=169000, st_atime=2012/09/07-13:13:32, st_mtime=2012/04/17-06:02:21, st_ctime=2012/08/14-03:46:33}) = 0
13:55:55 stat("/usr/lib/x86_64-linux-gnu/gio/modules/libgvfsdbus.so", {st_dev=makedev(8, 1), st_ino=10488032, st_mode=S_IFREG|0644, st_nlink=1, st_uid=0, st_gid=0, st_blksize=4096, st_blocks=336, st_size=169000, st_atime=2012/09/07-13:13:32, st_mtime=2012/04/17-06:02:21, st_ctime=2012/08/14-03:46:33}) = 0
13:55:55 open("/usr/lib/x86_64-linux-gnu/gio/modules/libgvfsdbus.so", O_RDONLY|O_CLOEXEC) = 9
13:55:55 read(9, "\177ELF\2\1\1\0\0\0\0\0\0\0\0\0\3\0>\0\1\0\0\0\240\210\0\0\0\0\0\0"..., 832) = 832
13:55:55 fstat(9, {st_dev=makedev(8, 1), st_ino=10488032, st_mode=S_IFREG|0644, st_nlink=1, st_uid=0, st_gid=0, st_blksize=4096, st_blocks=336, st_size=169000, st_atime=2012/09/07-13:13:32, st_mtime=2012/04/17-06:02:21, st_ctime=2012/08/14-03:46:33}) = 0
13:55:55 mmap(NULL, 2264600, PROT_READ|PROT_EXEC, MAP_PRIVATE|MAP_DENYWRITE, 9, 0) = 0x7ff4538fe000
13:55:55 mprotect(0x7ff453926000, 2093056, PROT_NONE) = 0
13:55:55 mmap(0x7ff453b25000, 8192, PROT_READ|PROT_WRITE, MAP_PRIVATE|MAP_FIXED|MAP_DENYWRITE, 9, 0x27000) = 0x7ff453b25000
13:55:55 close(9)                       = 0
13:55:55 open("/usr/lib/x86_64-linux-gnu/gvfs/tls/x86_64/libgvfscommon.so", O_RDONLY|O_CLOEXEC) = -1 ENOENT (No such file or directory)
13:55:55 stat("/usr/lib/x86_64-linux-gnu/gvfs/tls/x86_64", 0x7fff08c09000) = -1 ENOENT (No such file or directory)
13:55:55 open("/usr/lib/x86_64-linux-gnu/gvfs/tls/libgvfscommon.so", O_RDONLY|O_CLOEXEC) = -1 ENOENT (No such file or directory)
13:55:55 stat("/usr/lib/x86_64-linux-gnu/gvfs/tls", 0x7fff08c09000) = -1 ENOENT (No such file or directory)
13:55:55 open("/usr/lib/x86_64-linux-gnu/gvfs/x86_64/libgvfscommon.so", O_RDONLY|O_CLOEXEC) = -1 ENOENT (No such file or directory)
13:55:55 stat("/usr/lib/x86_64-linux-gnu/gvfs/x86_64", 0x7fff08c09000) = -1 ENOENT (No such file or directory)
13:55:55 open("/usr/lib/x86_64-linux-gnu/gvfs/libgvfscommon.so", O_RDONLY|O_CLOEXEC) = 9
13:55:55 read(9, "\177ELF\2\1\1\0\0\0\0\0\0\0\0\0\3\0>\0\1\0\0\0\260\210\0\0\0\0\0\0"..., 832) = 832
13:55:55 fstat(9, {st_dev=makedev(8, 1), st_ino=10488231, st_mode=S_IFREG|0644, st_nlink=1, st_uid=0, st_gid=0, st_blksize=4096, st_blocks=192, st_size=94616, st_atime=2012/09/07-13:13:32, st_mtime=2012/04/17-06:02:26, st_ctime=2012/08/14-03:46:33}) = 0
13:55:55 mmap(NULL, 2189904, PROT_READ|PROT_EXEC, MAP_PRIVATE|MAP_DENYWRITE, 9, 0) = 0x7ff4536e7000
13:55:55 mprotect(0x7ff4536fd000, 2093056, PROT_NONE) = 0
13:55:55 mmap(0x7ff4538fc000, 8192, PROT_READ|PROT_WRITE, MAP_PRIVATE|MAP_FIXED|MAP_DENYWRITE, 9, 0x15000) = 0x7ff4538fc000
13:55:55 close(9)                       = 0
13:55:55 open("/usr/lib/x86_64-linux-gnu/gvfs/libudev.so.0", O_RDONLY|O_CLOEXEC) = -1 ENOENT (No such file or directory)
13:55:55 open("/etc/ld.so.cache", O_RDONLY|O_CLOEXEC) = 9
13:55:55 fstat(9, {st_dev=makedev(8, 1), st_ino=20055812, st_mode=S_IFREG|0644, st_nlink=1, st_uid=0, st_gid=0, st_blksize=4096, st_blocks=160, st_size=78919, st_atime=2012/09/07-11:49:32, st_mtime=2012/08/14-15:02:41, st_ctime=2012/08/14-15:02:41}) = 0
13:55:55 mmap(NULL, 78919, PROT_READ, MAP_PRIVATE, 9, 0) = 0x7ff463027000
13:55:55 close(9)                       = 0
13:55:55 access("/etc/ld.so.nohwcap", F_OK) = -1 ENOENT (No such file or directory)
13:55:55 open("/lib/x86_64-linux-gnu/libudev.so.0", O_RDONLY|O_CLOEXEC) = 9
13:55:55 read(9, "\177ELF\2\1\1\0\0\0\0\0\0\0\0\0\3\0>\0\1\0\0\0 1\0\0\0\0\0\0"..., 832) = 832
13:55:55 fstat(9, {st_dev=makedev(8, 1), st_ino=2490489, st_mode=S_IFREG|0644, st_nlink=1, st_uid=0, st_gid=0, st_blksize=4096, st_blocks=104, st_size=51080, st_atime=2012/09/07-11:49:32, st_mtime=2012/07/20-00:58:09, st_ctime=2012/08/13-19:17:24}) = 0
13:55:55 mmap(NULL, 2146352, PROT_READ|PROT_EXEC, MAP_PRIVATE|MAP_DENYWRITE, 9, 0) = 0x7ff4534da000
13:55:55 mprotect(0x7ff4534e6000, 2093056, PROT_NONE) = 0
13:55:55 mmap(0x7ff4536e5000, 8192, PROT_READ|PROT_WRITE, MAP_PRIVATE|MAP_FIXED|MAP_DENYWRITE, 9, 0xb000) = 0x7ff4536e5000
13:55:55 close(9)                       = 0
13:55:55 mprotect(0x7ff4536e5000, 4096, PROT_READ) = 0
13:55:55 mprotect(0x7ff4538fc000, 4096, PROT_READ) = 0
13:55:55 mprotect(0x7ff453b25000, 4096, PROT_READ) = 0
13:55:55 munmap(0x7ff463027000, 78919)  = 0
13:55:55 stat("/usr/lib/x86_64-linux-gnu/gio/modules/libgiognutls.so", {st_dev=makedev(8, 1), st_ino=10489015, st_mode=S_IFREG|0644, st_nlink=1, st_uid=0, st_gid=0, st_blksize=4096, st_blocks=208, st_size=102576, st_atime=2012/08/13-19:24:44, st_mtime=2012/04/24-18:42:43, st_ctime=2012/08/13-19:18:17}) = 0
13:55:55 stat("/usr/lib/x86_64-linux-gnu/gio/modules/libgioremote-volume-monitor.so", {st_dev=makedev(8, 1), st_ino=10488031, st_mode=S_IFREG|0644, st_nlink=1, st_uid=0, st_gid=0, st_blksize=4096, st_blocks=136, st_size=68800, st_atime=2012/09/07-13:13:32, st_mtime=2012/04/17-06:02:21, st_ctime=2012/08/14-03:46:33}) = 0
13:55:55 stat("/usr/lib/x86_64-linux-gnu/gio/modules/libgioremote-volume-monitor.so", {st_dev=makedev(8, 1), st_ino=10488031, st_mode=S_IFREG|0644, st_nlink=1, st_uid=0, st_gid=0, st_blksize=4096, st_blocks=136, st_size=68800, st_atime=2012/09/07-13:13:32, st_mtime=2012/04/17-06:02:21, st_ctime=2012/08/14-03:46:33}) = 0
13:55:55 open("/usr/lib/x86_64-linux-gnu/gio/modules/libgioremote-volume-monitor.so", O_RDONLY|O_CLOEXEC) = 9
13:55:55 read(9, "\177ELF\2\1\1\0\0\0\0\0\0\0\0\0\3\0>\0\1\0\0\0\20<\0\0\0\0\0\0"..., 832) = 832
13:55:55 fstat(9, {st_dev=makedev(8, 1), st_ino=10488031, st_mode=S_IFREG|0644, st_nlink=1, st_uid=0, st_gid=0, st_blksize=4096, st_blocks=136, st_size=68800, st_atime=2012/09/07-13:13:32, st_mtime=2012/04/17-06:02:21, st_ctime=2012/08/14-03:46:33}) = 0
13:55:55 mmap(NULL, 2164272, PROT_READ|PROT_EXEC, MAP_PRIVATE|MAP_DENYWRITE, 9, 0) = 0x7ff4532c9000
13:55:55 mprotect(0x7ff4532d9000, 2093056, PROT_NONE) = 0
13:55:55 mmap(0x7ff4534d8000, 8192, PROT_READ|PROT_WRITE, MAP_PRIVATE|MAP_FIXED|MAP_DENYWRITE, 9, 0xf000) = 0x7ff4534d8000
13:55:55 close(9)                       = 0
13:55:55 mprotect(0x7ff4534d8000, 4096, PROT_READ) = 0
13:55:55 openat(AT_FDCWD, "/usr/share/gvfs/remote-volume-monitors", O_RDONLY|O_NONBLOCK|O_DIRECTORY|O_CLOEXEC) = 9
13:55:55 getdents(9, {{d_ino=11404330, d_off=734712591, d_reclen=24, d_name="."} {d_ino=11404353, d_off=826673990, d_reclen=40, d_name="gphoto2.monitor"} {d_ino=11404352, d_off=1852003445, d_reclen=32, d_name="gdu.monitor"} {d_ino=11404351, d_off=1975004542, d_reclen=32, d_name="afc.monitor"} {d_ino=10488906, d_off=2147483647, d_reclen=24, d_name=".."}}, 32768) = 152
13:55:55 open("/usr/share/locale/locale.alias", O_RDONLY) = 10
13:55:55 fstat(10, {st_dev=makedev(8, 1), st_ino=20054183, st_mode=S_IFREG|0644, st_nlink=1, st_uid=0, st_gid=0, st_blksize=4096, st_blocks=8, st_size=2570, st_atime=2012/09/07-07:30:01, st_mtime=2010/08/06-00:57:14, st_ctime=2012/08/14-03:44:37}) = 0
13:55:55 mmap(NULL, 4096, PROT_READ|PROT_WRITE, MAP_PRIVATE|MAP_ANONYMOUS, -1, 0) = 0x7ff46312e000
13:55:55 read(10, "# Locale name alias data base.\n#"..., 4096) = 2570
13:55:55 read(10, "", 4096)             = 0
13:55:55 close(10)                      = 0
13:55:55 munmap(0x7ff46312e000, 4096)   = 0
13:55:55 open("/usr/share/gvfs/remote-volume-monitors/gphoto2.monitor", O_RDONLY) = 10
13:55:55 fstat(10, {st_dev=makedev(8, 1), st_ino=11404353, st_mode=S_IFREG|0644, st_nlink=1, st_uid=0, st_gid=0, st_blksize=4096, st_blocks=8, st_size=115, st_atime=2012/09/07-13:13:32, st_mtime=2012/04/17-06:02:03, st_ctime=2012/08/14-03:46:59}) = 0
13:55:55 read(10, "[RemoteVolumeMonitor]\nName=GProx"..., 4096) = 115
13:55:55 read(10, "", 4096)             = 0
13:55:55 close(10)                      = 0
13:55:55 open("/usr/share/gvfs/remote-volume-monitors/gdu.monitor", O_RDONLY) = 10
13:55:55 fstat(10, {st_dev=makedev(8, 1), st_ino=11404352, st_mode=S_IFREG|0644, st_nlink=1, st_uid=0, st_gid=0, st_blksize=4096, st_blocks=8, st_size=123, st_atime=2012/09/07-13:13:32, st_mtime=2012/04/17-06:02:03, st_ctime=2012/08/14-03:46:59}) = 0
13:55:55 read(10, "[RemoteVolumeMonitor]\nName=GProx"..., 4096) = 123
13:55:55 read(10, "", 4096)             = 0
13:55:55 close(10)                      = 0
13:55:55 open("/usr/share/gvfs/remote-volume-monitors/afc.monitor", O_RDONLY) = 10
13:55:55 fstat(10, {st_dev=makedev(8, 1), st_ino=11404351, st_mode=S_IFREG|0644, st_nlink=1, st_uid=0, st_gid=0, st_blksize=4096, st_blocks=8, st_size=108, st_atime=2012/09/07-13:13:32, st_mtime=2012/04/17-06:02:03, st_ctime=2012/08/14-03:46:59}) = 0
13:55:55 read(10, "[RemoteVolumeMonitor]\nName=GProx"..., 4096) = 108
13:55:55 read(10, "", 4096)             = 0
13:55:55 close(10)                      = 0
13:55:55 getdents(9, {}, 32768)         = 0
13:55:55 close(9)                       = 0
13:55:55 getdents(8, {}, 32768)         = 0
13:55:55 close(8)                       = 0
13:55:55 openat(AT_FDCWD, "/usr/lib/gio/modules", O_RDONLY|O_NONBLOCK|O_DIRECTORY|O_CLOEXEC) = -1 ENOENT (No such file or directory)
13:55:55 open("/etc/dconf/profile/user", O_RDONLY) = -1 ENOENT (No such file or directory)
13:55:55 access("/root", F_OK)          = 0
13:55:55 stat("/root", {st_dev=makedev(8, 1), st_ino=18219009, st_mode=S_IFDIR|0700, st_nlink=24, st_uid=0, st_gid=0, st_blksize=4096, st_blocks=8, st_size=4096, st_atime=2012/09/07-13:54:39, st_mtime=2012/09/07-13:33:37, st_ctime=2012/09/07-13:33:37}) = 0
13:55:55 access("/root/.cache", F_OK)   = 0
13:55:55 stat("/root/.cache", {st_dev=makedev(8, 1), st_ino=18219016, st_mode=S_IFDIR|0700, st_nlink=16, st_uid=0, st_gid=0, st_blksize=4096, st_blocks=8, st_size=4096, st_atime=2012/09/03-15:44:47, st_mtime=2012/09/04-20:11:32, st_ctime=2012/09/04-20:11:32}) = 0
13:55:55 access("/root/.cache/dconf", F_OK) = 0
13:55:55 stat("/root/.cache/dconf", {st_dev=makedev(8, 1), st_ino=18219017, st_mode=S_IFDIR|0700, st_nlink=2, st_uid=0, st_gid=0, st_blksize=4096, st_blocks=8, st_size=4096, st_atime=2012/08/13-19:11:17, st_mtime=2012/09/07-13:42:56, st_ctime=2012/09/07-13:42:56}) = 0
13:55:55 open("/root/.cache/dconf/user", O_RDWR|O_CREAT, 0600) = 8
13:55:55 ftruncate(8, 1)                = 0
13:55:55 mmap(NULL, 1, PROT_READ, MAP_SHARED, 8, 0) = 0x7ff46312e000
13:55:55 close(8)                       = 0
13:55:55 open("/root/.config/dconf/user", O_RDONLY) = 8
13:55:55 fstat(8, {st_dev=makedev(8, 1), st_ino=18219416, st_mode=S_IFREG|0644, st_nlink=1, st_uid=0, st_gid=0, st_blksize=4096, st_blocks=8, st_size=3192, st_atime=2012/09/07-13:42:56, st_mtime=2012/09/07-13:42:56, st_ctime=2012/09/07-13:42:56}) = 0
13:55:55 mmap(NULL, 3192, PROT_READ, MAP_PRIVATE, 8, 0) = 0x7ff46312d000
13:55:55 close(8)                       = 0
13:55:55 eventfd2(0, O_NONBLOCK|O_CLOEXEC) = 8
13:55:55 write(8, "\1\0\0\0\0\0\0\0", 8) = 8
13:55:55 mmap(NULL, 8392704, PROT_READ|PROT_WRITE, MAP_PRIVATE|MAP_ANONYMOUS|MAP_STACK, -1, 0) = 0x7ff452ac8000
13:55:55 mprotect(0x7ff452ac8000, 4096, PROT_NONE) = 0
13:55:55 clone(Process 6174 attached (waiting for parent)
Process 6174 resumed (parent 6173 ready)
child_stack=0x7ff4532c7f70, flags=CLONE_VM|CLONE_FS|CLONE_FILES|CLONE_SIGHAND|CLONE_THREAD|CLONE_SYSVSEM|CLONE_SETTLS|CLONE_PARENT_SETTID|CLONE_CHILD_CLEARTID, parent_tidptr=0x7ff4532c89d0, tls=0x7ff4532c8700, child_tidptr=0x7ff4532c89d0) = 6174
[pid  6174] 13:55:55 set_robust_list(0x7ff4532c89e0, 0x18) = 0
[pid  6173] 13:55:55 open("/usr/share/locale/ko/LC_MESSAGES/gtk20-properties.mo", O_RDONLY <unfinished ...>
[pid  6174] 13:55:55 prctl(PR_SET_NAME, 0x124e1a0, 0, 0, 0 <unfinished ...>
[pid  6173] 13:55:55 <... open resumed> ) = -1 ENOENT (No such file or directory)
[pid  6174] 13:55:55 <... prctl resumed> ) = 0
[pid  6173] 13:55:55 open("/usr/share/locale-langpack/ko/LC_MESSAGES/gtk20-properties.mo", O_RDONLY <unfinished ...>
[pid  6174] 13:55:55 open("/sys/devices/system/cpu/online", O_RDONLY|O_CLOEXEC <unfinished ...>
[pid  6173] 13:55:55 <... open resumed> ) = 9
[pid  6174] 13:55:55 <... open resumed> ) = 10
[pid  6173] 13:55:55 fstat(9,  <unfinished ...>
[pid  6174] 13:55:55 read(10,  <unfinished ...>
[pid  6173] 13:55:55 <... fstat resumed> {st_dev=makedev(8, 1), st_ino=10487436, st_mode=S_IFREG|0644, st_nlink=1, st_uid=0, st_gid=0, st_blksize=4096, st_blocks=320, st_size=163003, st_atime=2012/09/04-20:03:04, st_mtime=2012/04/18-19:09:58, st_ctime=2012/08/13-19:07:53}) = 0
[pid  6174] 13:55:55 <... read resumed> "0-1\n", 8192) = 4
[pid  6173] 13:55:55 mmap(NULL, 163003, PROT_READ, MAP_PRIVATE, 9, 0 <unfinished ...>
[pid  6174] 13:55:55 close(10 <unfinished ...>
[pid  6173] 13:55:55 <... mmap resumed> ) = 0x7ff463013000
[pid  6174] 13:55:55 <... close resumed> ) = 0
[pid  6173] 13:55:55 close(9 <unfinished ...>
[pid  6174] 13:55:55 mmap(NULL, 134217728, PROT_NONE, MAP_PRIVATE|MAP_ANONYMOUS|MAP_NORESERVE, -1, 0 <unfinished ...>
[pid  6173] 13:55:55 <... close resumed> ) = 0
[pid  6174] 13:55:55 <... mmap resumed> ) = 0x7ff44aac8000
[pid  6174] 13:55:55 munmap(0x7ff44aac8000, 22249472 <unfinished ...>
[pid  6173] 13:55:55 socket(PF_FILE, SOCK_STREAM|SOCK_CLOEXEC, 0 <unfinished ...>
[pid  6174] 13:55:55 <... munmap resumed> ) = 0
[pid  6173] 13:55:55 <... socket resumed> ) = 9
[pid  6174] 13:55:55 munmap(0x7ff450000000, 44859392 <unfinished ...>
[pid  6173] 13:55:55 connect(9, {sa_family=AF_FILE, path=@"/tmp/.X11-unix/X0"}, 20 <unfinished ...>
[pid  6174] 13:55:55 <... munmap resumed> ) = 0
[pid  6174] 13:55:55 mprotect(0x7ff44c000000, 139264, PROT_READ|PROT_WRITE) = 0
[pid  6174] 13:55:55 poll([{fd=8, events=POLLIN}], 1, 0) = 1 ([{fd=8, revents=POLLIN}])
[pid  6174] 13:55:55 read(8,  <unfinished ...>
[pid  6173] 13:55:55 <... connect resumed> ) = 0
[pid  6174] 13:55:55 <... read resumed> "\1\0\0\0\0\0\0\0", 16) = 8
[pid  6173] 13:55:55 getpeername(9,  <unfinished ...>
[pid  6174] 13:55:55 rt_sigaction(SIGPIPE, {SIG_IGN, [PIPE], SA_RESTORER|SA_RESTART, 0x7ff45f0db4c0},  <unfinished ...>
[pid  6173] 13:55:55 <... getpeername resumed> {sa_family=AF_FILE, path=@"/tmp/.X11-unix/X0"}, [20]) = 0
[pid  6174] 13:55:55 <... rt_sigaction resumed> {SIG_IGN, [PIPE], SA_RESTORER|SA_RESTART, 0x7ff45f0db4c0}, 8) = 0
[pid  6173] 13:55:55 uname( <unfinished ...>
[pid  6174] 13:55:55 socket(PF_FILE, SOCK_STREAM|SOCK_CLOEXEC, 0 <unfinished ...>
[pid  6173] 13:55:55 <... uname resumed> {sysname="Linux", nodename="sslab", release="3.2.0-23-generic", version="#36-Ubuntu SMP Tue Apr 10 20:39:51 UTC 2012", machine="x86_64"}) = 0
[pid  6174] 13:55:55 <... socket resumed> ) = 10
[pid  6173] 13:55:55 access("/root/.Xauthority", R_OK <unfinished ...>
[pid  6174] 13:55:55 fcntl(10, F_GETFD <unfinished ...>
[pid  6173] 13:55:55 <... access resumed> ) = 0
[pid  6174] 13:55:55 <... fcntl resumed> ) = 0x1 (flags FD_CLOEXEC)
[pid  6173] 13:55:55 open("/root/.Xauthority", O_RDONLY <unfinished ...>
[pid  6174] 13:55:55 fcntl(10, F_GETFL <unfinished ...>
[pid  6173] 13:55:55 <... open resumed> ) = 11
[pid  6174] 13:55:55 <... fcntl resumed> ) = 0x2 (flags O_RDWR)
[pid  6173] 13:55:55 fstat(11,  <unfinished ...>
[pid  6174] 13:55:55 fcntl(10, F_SETFL, O_RDWR|O_NONBLOCK <unfinished ...>
[pid  6173] 13:55:55 <... fstat resumed> {st_dev=makedev(8, 1), st_ino=18219115, st_mode=S_IFREG|0600, st_nlink=1, st_uid=0, st_gid=0, st_blksize=4096, st_blocks=8, st_size=50, st_atime=2012/09/07-13:13:32, st_mtime=2012/09/03-11:49:30, st_ctime=2012/09/03-11:49:30}) = 0
[pid  6174] 13:55:55 <... fcntl resumed> ) = 0
[pid  6173] 13:55:55 mmap(NULL, 4096, PROT_READ|PROT_WRITE, MAP_PRIVATE|MAP_ANONYMOUS, -1, 0 <unfinished ...>
[pid  6174] 13:55:55 connect(10, {sa_family=AF_FILE, path=@"/tmp/dbus-EgdnCdugxg"}, 23 <unfinished ...>
[pid  6173] 13:55:55 <... mmap resumed> ) = 0x7ff46312c000
[pid  6173] 13:55:55 read(11, "\1\0\0\5sslab\0\0010\0\22MIT-MAGIC-COOKIE-1"..., 4096) = 50
[pid  6173] 13:55:55 read(11, "", 4096) = 0
[pid  6173] 13:55:55 close(11)          = 0
[pid  6173] 13:55:55 munmap(0x7ff46312c000, 4096) = 0
[pid  6173] 13:55:55 getsockname(9, {sa_family=AF_FILE, NULL}, [2]) = 0
[pid  6173] 13:55:55 fcntl(9, F_GETFL)  = 0x2 (flags O_RDWR)
[pid  6174] 13:55:55 <... connect resumed> ) = 0
[pid  6173] 13:55:55 fcntl(9, F_SETFL, O_RDWR|O_NONBLOCK <unfinished ...>
[pid  6174] 13:55:55 geteuid( <unfinished ...>
[pid  6173] 13:55:55 <... fcntl resumed> ) = 0
[pid  6174] 13:55:55 <... geteuid resumed> ) = 0
[pid  6173] 13:55:55 fcntl(9, F_SETFD, FD_CLOEXEC <unfinished ...>
[pid  6174] 13:55:55 getegid( <unfinished ...>
[pid  6173] 13:55:55 <... fcntl resumed> ) = 0
[pid  6174] 13:55:55 <... getegid resumed> ) = 0
[pid  6173] 13:55:55 poll([{fd=9, events=POLLIN|POLLOUT}], 1, -1 <unfinished ...>
[pid  6174] 13:55:55 geteuid( <unfinished ...>
[pid  6173] 13:55:55 <... poll resumed> ) = 1 ([{fd=9, revents=POLLOUT}])
[pid  6174] 13:55:55 <... geteuid resumed> ) = 0
[pid  6173] 13:55:55 writev(9, [{"l\0\v\0\0\0\22\0\20\0\0\0", 12}, {"", 0}, {"MIT-MAGIC-COOKIE-1", 18}, {"\0\0", 2}, {"t\244\316\300\306\245\210\205b\264\256\306G\306\215\333", 16}, {"", 0}], 6 <unfinished ...>
[pid  6174] 13:55:55 getegid()          = 0
[pid  6174] 13:55:55 poll([{fd=10, events=POLLOUT}], 1, -1 <unfinished ...>
[pid  6173] 13:55:55 <... writev resumed> ) = 48
[pid  6174] 13:55:55 <... poll resumed> ) = 1 ([{fd=10, revents=POLLOUT}])
[pid  6173] 13:55:55 recvfrom(9,  <unfinished ...>
[pid  6174] 13:55:55 sendmsg(10, {msg_name(0)=NULL, msg_iov(1)=[{"\0", 1}], msg_controllen=32, {cmsg_len=28, cmsg_level=SOL_SOCKET, cmsg_type=SCM_CREDENTIALS{pid=6173, uid=0, gid=0}}, msg_flags=0}, MSG_NOSIGNAL <unfinished ...>
[pid  6173] 13:55:55 <... recvfrom resumed> "\1\0\v\0\0\0003\t", 8, 0, NULL, NULL) = 8
[pid  6173] 13:55:55 recvfrom(9, "\30k\251\0\0\0@\4\377\377\37\0\0\1\0\0\24\0\377\377\1\7\0\0  \10\377\0\0\0\0"..., 9420, 0, NULL, NULL) = 9420
[pid  6174] 13:55:55 <... sendmsg resumed> ) = 1
[pid  6173] 13:55:55 brk(0x1286000 <unfinished ...>
[pid  6174] 13:55:55 poll([{fd=10, events=POLLOUT}], 1, -1 <unfinished ...>
[pid  6173] 13:55:55 <... brk resumed> ) = 0x1286000
[pid  6174] 13:55:55 <... poll resumed> ) = 1 ([{fd=10, revents=POLLOUT}])
[pid  6173] 13:55:55 poll([{fd=9, events=POLLIN|POLLOUT}], 1, -1 <unfinished ...>
[pid  6174] 13:55:55 sendto(10, "AUTH\r\n", 6, MSG_NOSIGNAL, NULL, 0 <unfinished ...>
[pid  6173] 13:55:55 <... poll resumed> ) = 1 ([{fd=9, revents=POLLOUT}])
[pid  6173] 13:55:55 writev(9, [{"b\0\5\0\f\0\0\0BIG-REQUESTS", 20}], 1) = 20
[pid  6173] 13:55:55 poll([{fd=9, events=POLLIN}], 1, -1) = 1 ([{fd=9, revents=POLLIN}])
[pid  6174] 13:55:55 <... sendto resumed> ) = 6
[pid  6173] 13:55:55 recvfrom(9,  <unfinished ...>
[pid  6174] 13:55:55 poll([{fd=10, events=POLLIN}], 1, -1 <unfinished ...>
[pid  6173] 13:55:55 <... recvfrom resumed> "\1\0\1\0\0\0\0\0\1\217\0\0\0\0\0\0\0\0\0\0\0\0\0\0\0\0\0\0\0\0\0\0", 4096, 0, NULL, NULL) = 32
[pid  6174] 13:55:55 <... poll resumed> ) = 1 ([{fd=10, revents=POLLIN}])
[pid  6173] 13:55:55 poll([{fd=9, events=POLLIN|POLLOUT}], 1, -1 <unfinished ...>
[pid  6174] 13:55:55 recvfrom(10,  <unfinished ...>
[pid  6173] 13:55:55 <... poll resumed> ) = 1 ([{fd=9, revents=POLLOUT}])
[pid  6174] 13:55:55 <... recvfrom resumed> "REJECTED EXTERNAL DBUS_COOKIE_SH"..., 4096, 0, NULL, NULL) = 46
[pid  6173] 13:55:55 writev(9, [{"\217\0\1\0", 4}], 1 <unfinished ...>
[pid  6174] 13:55:55 poll([{fd=10, events=POLLOUT}], 1, -1) = 1 ([{fd=10, revents=POLLOUT}])
[pid  6173] 13:55:55 <... writev resumed> ) = 4
[pid  6174] 13:55:55 sendto(10, "AUTH EXTERNAL 30\r\n", 18, MSG_NOSIGNAL, NULL, 0 <unfinished ...>
[pid  6173] 13:55:55 poll([{fd=9, events=POLLIN}], 1, -1) = 1 ([{fd=9, revents=POLLIN}])
[pid  6173] 13:55:55 recvfrom(9, "\1\0\2\0\0\0\0\0\377\377?\0\0\0\0\0\0\0\0\0\0\0\0\0\0\0\0\0\0\0\0\0", 4096, 0, NULL, NULL) = 32
[pid  6173] 13:55:55 recvfrom(9, 0x1257e44, 4096, 0, 0, 0) = -1 EAGAIN (Resource temporarily unavailable)
[pid  6173] 13:55:55 poll([{fd=9, events=POLLIN|POLLOUT}], 1, -1 <unfinished ...>
[pid  6174] 13:55:55 <... sendto resumed> ) = 18
[pid  6173] 13:55:55 <... poll resumed> ) = 1 ([{fd=9, revents=POLLOUT}])
[pid  6174] 13:55:55 poll([{fd=10, events=POLLIN}], 1, -1 <unfinished ...>
[pid  6173] 13:55:55 writev(9, [{"7\0\5\0\0\0@\4k\3\0\0\10\0\0\0\377\377\377\0\24\0\6\0k\3\0\0\27\0\0\0"..., 44}, {NULL, 0}, {"", 0}], 3 <unfinished ...>
[pid  6174] 13:55:55 <... poll resumed> ) = 1 ([{fd=10, revents=POLLIN}])
[pid  6174] 13:55:55 recvfrom(10, "OK 149bc6e625e8afba99035a8300000"..., 4096, 0, NULL, NULL) = 37
[pid  6173] 13:55:55 <... writev resumed> ) = 44
[pid  6174] 13:55:55 poll([{fd=10, events=POLLOUT}], 1, -1 <unfinished ...>
[pid  6173] 13:55:55 poll([{fd=9, events=POLLIN}], 1, -1 <unfinished ...>
[pid  6174] 13:55:55 <... poll resumed> ) = 1 ([{fd=10, revents=POLLOUT}])
[pid  6173] 13:55:55 <... poll resumed> ) = 1 ([{fd=9, revents=POLLIN}])
[pid  6174] 13:55:55 sendto(10, "NEGOTIATE_UNIX_FD\r\n", 19, MSG_NOSIGNAL, NULL, 0 <unfinished ...>
[pid  6173] 13:55:55 recvfrom(9, "\1\10\4\0\"\0\0\0\37\0\0\0\0\0\0\0\205\0\0\0\0\0\0\0\0\0\0\0\0\0\0\0"..., 4096, 0, NULL, NULL) = 168
[pid  6173] 13:55:55 recvfrom(9, 0x1257e44, 4096, 0, 0, 0) = -1 EAGAIN (Resource temporarily unavailable)
[pid  6173] 13:55:55 poll([{fd=9, events=POLLIN|POLLOUT}], 1, -1) = 1 ([{fd=9, revents=POLLOUT}])
[pid  6174] 13:55:55 <... sendto resumed> ) = 19
[pid  6174] 13:55:55 poll([{fd=10, events=POLLIN}], 1, -1 <unfinished ...>
[pid  6173] 13:55:55 writev(9, [{"b\0\5\0\t\0@\4", 8}, {"XKEYBOARD", 9}, {"\0\0\0", 3}], 3 <unfinished ...>
[pid  6174] 13:55:55 <... poll resumed> ) = 1 ([{fd=10, revents=POLLIN}])
[pid  6174] 13:55:55 recvfrom(10,  <unfinished ...>
[pid  6173] 13:55:55 <... writev resumed> ) = 20
[pid  6174] 13:55:55 <... recvfrom resumed> "AGREE_UNIX_FD\r\n", 4096, 0, NULL, NULL) = 15
[pid  6173] 13:55:55 poll([{fd=9, events=POLLIN}], 1, -1 <unfinished ...>
[pid  6174] 13:55:55 poll([{fd=10, events=POLLOUT}], 1, -1 <unfinished ...>
[pid  6173] 13:55:55 <... poll resumed> ) = 1 ([{fd=9, revents=POLLIN}])
[pid  6174] 13:55:55 <... poll resumed> ) = 1 ([{fd=10, revents=POLLOUT}])
[pid  6173] 13:55:55 recvfrom(9,  <unfinished ...>
[pid  6174] 13:55:55 sendto(10, "BEGIN\r\n", 7, MSG_NOSIGNAL, NULL, 0 <unfinished ...>
[pid  6173] 13:55:55 <... recvfrom resumed> "\1\0\5\0\0\0\0\0\1\221a\235\0\0\0\0\0\0\0\0\0\0\0\0\0\0\0\0\0\0\0\0", 4096, 0, NULL, NULL) = 32
[pid  6173] 13:55:55 recvfrom(9, 0x1257e44, 4096, 0, 0, 0) = -1 EAGAIN (Resource temporarily unavailable)
[pid  6173] 13:55:55 recvfrom(9,  <unfinished ...>
[pid  6174] 13:55:55 <... sendto resumed> ) = 7
[pid  6173] 13:55:55 <... recvfrom resumed> 0x1257e44, 4096, 0, 0, 0) = -1 EAGAIN (Resource temporarily unavailable)
[pid  6174] 13:55:55 eventfd2(0, O_NONBLOCK|O_CLOEXEC <unfinished ...>
[pid  6173] 13:55:55 poll([{fd=9, events=POLLIN|POLLOUT}], 1, -1 <unfinished ...>
[pid  6174] 13:55:55 <... eventfd2 resumed> ) = 11
[pid  6173] 13:55:55 <... poll resumed> ) = 1 ([{fd=9, revents=POLLOUT}])
[pid  6174] 13:55:55 write(11, "\1\0\0\0\0\0\0\0", 8 <unfinished ...>
[pid  6173] 13:55:55 writev(9, [{"\221\0\2\0\1\0\0\0", 8}, {NULL, 0}, {"", 0}], 3 <unfinished ...>
[pid  6174] 13:55:55 <... write resumed> ) = 8
[pid  6174] 13:55:55 mmap(NULL, 8392704, PROT_READ|PROT_WRITE, MAP_PRIVATE|MAP_ANONYMOUS|MAP_STACK, -1, 0 <unfinished ...>
[pid  6173] 13:55:55 <... writev resumed> ) = 8
[pid  6174] 13:55:55 <... mmap resumed> ) = 0x7ff4522c7000
[pid  6173] 13:55:55 poll([{fd=9, events=POLLIN}], 1, -1 <unfinished ...>
[pid  6174] 13:55:55 mprotect(0x7ff4522c7000, 4096, PROT_NONE <unfinished ...>
[pid  6173] 13:55:55 <... poll resumed> ) = 1 ([{fd=9, revents=POLLIN}])
[pid  6174] 13:55:55 <... mprotect resumed> ) = 0
[pid  6173] 13:55:55 recvfrom(9,  <unfinished ...>
[pid  6174] 13:55:55 clone( <unfinished ...>
[pid  6173] 13:55:55 <... recvfrom resumed> "\1\1\6\0\0\0\0\0\1\0\0\0\0\0\0\0\0\0\0\0\0\0\0\0\0\0\0\0\0\0\0\0", 4096, 0, NULL, NULL) = 32
Process 6175 attached (waiting for parent)
Process 6175 resumed (parent 6174 ready)
[pid  6174] 13:55:55 <... clone resumed> child_stack=0x7ff452ac6f70, flags=CLONE_VM|CLONE_FS|CLONE_FILES|CLONE_SIGHAND|CLONE_THREAD|CLONE_SYSVSEM|CLONE_SETTLS|CLONE_PARENT_SETTID|CLONE_CHILD_CLEARTID, parent_tidptr=0x7ff452ac79d0, tls=0x7ff452ac7700, child_tidptr=0x7ff452ac79d0) = 6175
[pid  6175] 13:55:55 set_robust_list(0x7ff452ac79e0, 0x18 <unfinished ...>
[pid  6173] 13:55:55 recvfrom(9,  <unfinished ...>
[pid  6174] 13:55:55 eventfd2(0, O_NONBLOCK|O_CLOEXEC <unfinished ...>
[pid  6175] 13:55:55 <... set_robust_list resumed> ) = 0
[pid  6174] 13:55:55 <... eventfd2 resumed> ) = 12
[pid  6175] 13:55:55 prctl(PR_SET_NAME, 0x7ff44c00e9a0, 0, 0, 0 <unfinished ...>
[pid  6174] 13:55:55 write(12, "\1\0\0\0\0\0\0\0", 8 <unfinished ...>
[pid  6175] 13:55:55 <... prctl resumed> ) = 0
[pid  6174] 13:55:55 <... write resumed> ) = 8
[pid  6175] 13:55:55 mmap(NULL, 134217728, PROT_NONE, MAP_PRIVATE|MAP_ANONYMOUS|MAP_NORESERVE, -1, 0 <unfinished ...>
[pid  6173] 13:55:55 <... recvfrom resumed> 0x1257e44, 4096, 0, 0, 0) = -1 EAGAIN (Resource temporarily unavailable)
[pid  6174] 13:55:55 write(11, "\1\0\0\0\0\0\0\0", 8 <unfinished ...>
[pid  6175] 13:55:55 <... mmap resumed> ) = 0x7ff444000000
[pid  6174] 13:55:55 <... write resumed> ) = 8
[pid  6175] 13:55:55 munmap(0x7ff448000000, 67108864 <unfinished ...>
[pid  6174] 13:55:55 poll([{fd=12, events=POLLIN}], 1, 25000 <unfinished ...>
[pid  6175] 13:55:55 <... munmap resumed> ) = 0
[pid  6174] 13:55:55 <... poll resumed> ) = 1 ([{fd=12, revents=POLLIN}])
[pid  6175] 13:55:55 mprotect(0x7ff444000000, 139264, PROT_READ|PROT_WRITE <unfinished ...>
[pid  6174] 13:55:55 read(12,  <unfinished ...>
[pid  6175] 13:55:55 <... mprotect resumed> ) = 0
[pid  6174] 13:55:55 <... read resumed> "\1\0\0\0\0\0\0\0", 16) = 8
[pid  6175] 13:55:55 poll([{fd=11, events=POLLIN}], 1, 0 <unfinished ...>
[pid  6174] 13:55:55 poll([{fd=12, events=POLLIN}], 1, 25000 <unfinished ...>
[pid  6175] 13:55:55 <... poll resumed> ) = 1 ([{fd=11, revents=POLLIN}])
[pid  6173] 13:55:55 recvfrom(9,  <unfinished ...>
[pid  6175] 13:55:55 read(11,  <unfinished ...>
[pid  6173] 13:55:55 <... recvfrom resumed> 0x1257e44, 4096, 0, 0, 0) = -1 EAGAIN (Resource temporarily unavailable)
